■ RMAN 모든 Control file 삭제&복구

#1. 현재 database의 DB ID 조회하기
#2. control file을 생성하는 스크립트 생성
#3. RMAN으로 접속해, controlfile이 자동 백업 되도록 설정하기
#4. RMAN에서 datafile 중 아무거나 하나 백업받기
#5. controlfile 을 직접 RMAN으로 백업받기
#6. controlfile 의 위치 확인 
#7. shutdown abort
#8. 모든 controlfile 삭제하기
#9. startup
#10. shutdown abort
#11. startup nomount
#12. RMAN 으로 접속
#13. RMAN 으로 control file 복원 
#14. DB를 mount 상태로 올리기
#15. recover database 수행
#16. DB를 resetlogs로 open
#17. resetlog로 DB 열었으면 반드시 full backup 수행하기

-- 구현

#1. 현재 database의 DB ID 조회하기
※ DBA가 평상시에 알아두고 있어야 한다

SYS > select dbid from v$database;
2601038722

#2. control file을 생성하는 스크립트 생성
※ 복구 실패 상황을 대비해 백업하는 것

SYS > alter database backup controlfile to trace
         as '/home/oracle/create_controlfile_20240307.sql';

#3. RMAN으로 접속해, controlfile이 자동 백업 되도록 설정하기

$ rman target sys/oracle nocatalog

RMAN> configure controlfile autobackup on;
-- 앞으로 RMAN 을 이용해 어떤 파일이든지 백업 받을 때마다 controlfile 도 자동으로 백업된다.

#4. RMAN에서 datafile 중 아무거나 하나 백업받기

RMAN> backup datafile 1;
-- controlfile 도 함께 백업된 것 확인

#5. controlfile 을 직접 RMAN으로 백업받기

RMAN> backup current controlfile;

#6. controlfile 의 위치 확인 

SYS > select name from v$controlfile;

#7. SYS > shutdown abort

#8. 모든 controlfile 삭제하기

$ cd /u01/app/oracle/oradata/jsj/
$ ls
$ rm *.ctl

#9. SYS > startup
ORA-00205: error in identifying control file, check alert log for more info

#10. SYS > shutdown abort

#11. SYS > startup nomount

#12. RMAN 으로 접속

$ rman target sys/oracle nocatalog;

※ 지금까지는 mount 상태에서 RMAN으로 접속했다.
복구는 항상 mount 상태에서 진행해야 하기 때문이다.
그런데 위와 같이 nomount 상태에서도 RMAN으로 접속할 수 있다.

#13. RMAN 으로 control file 복원 

RMAN > restore controlfile from autobackup;

#14. DB를 mount 상태로 올리기

RMAN > alter database mount;

※ control file을 복원했다고 바로 mount가 되진 않는다. 별도로 mount 시켜줘야 한다.

#15. recover database 수행

RMAN > recover database;

※ 복원한 control file이 옛날 파일이기 때문에, 복구를 해서 최신 파일로 만들어줘야 한다.

#16. DB를 resetlogs로 open

RMAN > alter database open resetlogs;

※ controlfile을 복구했다면 다시 reset해야 한다.

#17. resetlog로 DB 열었으면 반드시 full backup 수행하기

RMAN > backup database;

