■ RMAN 모든 Data file, Control file 삭제&복구

controlfile과 data file들을 모두 삭제할 것이므로
복구할 때 control file 부터 복원하고 data file들을 복원하는 순서로 복구해야 한다.

#1. RMAN 으로 full backup 수행
#2. control file auto backup 본이 있는지 확인
#3. shutdown abort
#4. OS에서 모든 data file과 control file을 삭제
#5. startup
#6. RMAN으로 접속
#7. autobackup 본에서 controlfile을 복원
#8. DB를 mount로 올리기
#9. 모든 datafile들을 복원
#10. DB 복구
#11. resetlogs로 open 시키기
#12. full backup 수행

-- 구현

#1. RMAN 으로 full backup 수행

RMAN> backup database;

#2. control file auto backup 본이 있는지 확인

RMAN> list backup of controlfile;

#3. RMAN > shutdown abort

#4. OS에서 모든 data file과 control file을 삭제

$ cd /u01/app/oracle/oradata/jsj/
$ ls

$ rm *.dbf *.ctl
$ ls

#5. SYS > startup
ORA-00205: error in identifying control file, check alert log for more info

#6. RMAN으로 접속

$ rman target sys/oracle nocatalog

#7. autobackup 본에서 controlfile을 복원

RMAN> restore controlfile from autobackup;

#8. DB를 mount로 올리기

RMAN> alter database mount;

#9. 모든 datafile들을 복원

RMAN> restore database;

#10. DB 복구

RMAN> recover database;

#11. resetlogs로 open 시키기

RMAN> alter database open resetlogs;

#12. full backup 수행

RMAN> backup database;
